Microchip MPLAB XC8 Compiler V2.36

Linker command line:

-W-3 --edf=C:\Program Files\Microchip\xc8\v2.36\pic\dat\en_msgs.txt -cn \
  -h+dist/default/debug\LED_Flash.X.debug.sym \
  --cmf=dist/default/debug\LED_Flash.X.debug.cmf -z -Q10F322 \
  -oC:\Users\iromu\AppData\Local\Temp\xcAstr4.4 --defsym=__MPLAB_BUILD=1 \
  -Mdist/default/debug/LED_Flash.X.debug.map \
  --md=C:\Users\iromu\AppData\Local\Temp\xcAstr4.dat -E1 -ver=XC8 Compiler \
  --acfsm=1493 -ACODE=00h-01FFh -ASTRCODE=00h-01FFh -ASTRING=00h-0FFhx2 \
  -ACONST=00h-0FFhx2 -AENTRY=00h-0FFhx2 -ABANK0=040h-07Dh -ARAM=040h-07Dh \
  -AABS1=040h-07Fh -ACOMMON=07Eh-07Fh -ASFR0=00h-03Fh \
  -ACONFIG=02007h-02007h -DCONFIG=2 -AIDLOC=02000h-02003h -DIDLOC=2 \
  -DCODE=2 -DSTRCODE=2 -DSTRING=2 -DCONST=2 -DENTRY=2 \
  -preset_vec=00h,intentry,init,end_init -ppowerup=CODE -pcinit=CODE \
  -pfunctab=ENTRY -k C:\Users\iromu\AppData\Local\Temp\xcAstr4.o \
  dist/default/debug\LED_Flash.X.debug.o 

Object code version is 3.11

Machine type is 10F322



                Name                               Link     Load   Length Selector   Space Scale
C:\Users\iromu\AppData\Local\Temp\xcAstr4.o
                end_init                              1        1        1        0       0
                reset_vec                             0        0        1        0       0
                config                             2007     2007        1        0       4
                idloc                              2000     2000        4        0       5
dist/default/debug\LED_Flash.X.debug.o
                cinit                               1FE      1FE        2      3FC       0
                config                             2007     2007        1        0       4
                idloc                              2000     2000        4        0       5
                maintext                            16A      16A       94      2D4       0
                cstackBANK0                          40       40        5       40       1

TOTAL           Name                               Link     Load   Length     Space
        CLASS   CODE           
                end_init                              1        1        1         0
                cinit                               1FE      1FE        2         0
                reset_vec                             0        0        1         0
                maintext                            16A      16A       94         0

        CLASS   STRCODE        

        CLASS   STRING         

        CLASS   CONST          

        CLASS   ENTRY          

        CLASS   BANK0          
                cstackBANK0                          40       40        5         1

        CLASS   RAM            

        CLASS   ABS1           
                abs_s1                               7E       7E        2         1

        CLASS   COMMON         

        CLASS   SFR0           

        CLASS   CONFIG         
                config                             2007     2007        1         4

        CLASS   IDLOC          
                idloc                              2000     2000        4         5

        CLASS   STACK          

        CLASS   EEDATA         



SEGMENTS        Name                           Load    Length   Top    Selector   Space  Class     Delta

                reset_vec                      000000  000002  000002         0       0  CODE        2
                cstackBANK0                    000040  000005  000045        40       1  BANK0       1
                maintext                       00016A  000094  0001FE       2D4       0  CODE        2
                cinit                          0001FE  000002  000200       3FC       0  CODE        2


UNUSED ADDRESS RANGES

        Name                Unused          Largest block    Delta
        BANK0            0045-007D             39           1
        CODE             0002-0169            168           2
        CONST            0002-0169             FE           2
        ENTRY            0002-0169             FE           2
        RAM              0045-007D             39           1
        SFR0             0000-003F             40           1
        STRCODE          0002-0169            168           2
        STRING           0002-0169             FE           2

                                  Symbol Table

_ANSELA                  (abs)       0008
_LATA2                   (abs)       003A
_RA3                     (abs)       002B
_TRISA                   (abs)       0006
__Habs1                  abs1        0000
__Hbank0                 bank0       0000
__Hcinit                 cinit       0200
__Hclrtext               clrtext     0000
__Hcode                  code        0000
__Hcommon                common      0000
__Hconfig                config      2008
__HcstackBANK0           cstackBANK0 0000
__Heeprom_data           eeprom_data 0000
__Hend_init              end_init    0002
__Hfunctab               functab     0000
__Hidloc                 idloc       2004
__Hinit                  init        0001
__Hintentry              intentry    0001
__Hmaintext              maintext    0000
__Hpowerup               powerup     0000
__Hram                   ram         0000
__Hreset_vec             reset_vec   0001
__Hsfr0                  sfr0        0000
__Hspace_0               (abs)       0200
__Hspace_1               (abs)       0045
__Hspace_2               (abs)       0000
__Hspace_3               (abs)       0000
__Hspace_4               (abs)       400F
__Hstack                 stack       0000
__Hstrings               strings     0000
__Htext                  text        0000
__Labs1                  abs1        0000
__Lbank0                 bank0       0000
__Lcinit                 cinit       01FE
__Lclrtext               clrtext     0000
__Lcode                  code        0000
__Lcommon                common      0000
__Lconfig                config      0000
__LcstackBANK0           cstackBANK0 0000
__Leeprom_data           eeprom_data 0000
__Lend_init              end_init    0001
__Lfunctab               functab     0000
__Lidloc                 idloc       0000
__Linit                  init        0001
__Lintentry              intentry    0001
__Lmaintext              maintext    0000
__Lpowerup               powerup     0000
__Lram                   ram         0000
__Lreset_vec             reset_vec   0000
__Lsfr0                  sfr0        0000
__Lspace_0               (abs)       0000
__Lspace_1               (abs)       0000
__Lspace_2               (abs)       0000
__Lspace_3               (abs)       0000
__Lspace_4               (abs)       0000
__Lstack                 stack       0000
__Lstrings               strings     0000
__Ltext                  text        0000
__S0                     (abs)       0200
__S1                     (abs)       0045
___int_sp                stack       0000
___latbits               (abs)       0000
___sp                    stack       0000
___stackhi               (abs)       0000
___stacklo               (abs)       0000
__end_of__initialization cinit       01FE
__end_of_main            maintext    01FE
__initialization         cinit       01FE
__pcstackBANK0           cstackBANK0 0040
__pmaintext              maintext    016A
_main                    maintext    016A
btemp                    (abs)       007E
end_of_initialization    cinit       01FE
intlevel0                functab     0000
intlevel1                functab     0000
intlevel2                functab     0000
intlevel3                functab     0000
intlevel4                functab     0000
intlevel5                functab     0000
main@s                   cstackBANK0 0043
reset_vec                reset_vec   0000
start                    init        0001
start_initialization     cinit       01FE
wtemp0                   (abs)       007E


MODULE INFORMATION

Module		Function		Class		Link	Load	Size
shared
		__initialization		CODE           	01FE	0000	1

shared estimated size: 1

main.c
		_main          		CODE           	016A	0000	148

main.c estimated size: 148

